============================= test session starts =============================
platform win32 -- Python 3.12.3, pytest-8.2.0, pluggy-1.6.0 -- D:\AI_In_Action_Lab\Day21\Day21-Track2-CI-CD-for-AI-Systems\.venv\Scripts\python.exe
cachedir: .pytest_cache
rootdir: D:\AI_In_Action_Lab\Day21\Day21-Track2-CI-CD-for-AI-Systems
plugins: anyio-4.14.1, hydra-core-1.3.3
collecting ... collected 3 items

tests/test_train.py::test_train_returns_float FAILED                     [ 33%]
tests/test_train.py::test_metrics_file_created FAILED                    [ 66%]
tests/test_train.py::test_model_file_created FAILED                      [100%]

================================== FAILURES ===================================
__________________________ test_train_returns_float ___________________________

tmp_path = WindowsPath('C:/Users/ROG STRIX/AppData/Local/Temp/pytest-of-ROG STRIX/pytest-1/test_train_returns_float0')

    def test_train_returns_float(tmp_path):
        """Kiem tra ham train() tra ve mot so thuc nam trong [0.0, 1.0]."""
        train_path, eval_path = _make_temp_data(tmp_path)
    
>       acc = train(
            {"n_estimators": 10, "max_depth": 3, "min_samples_split": 2},
            data_path=train_path,
            eval_path=eval_path
        )

tests\test_train.py:43: 
_ _ _ _ _ _ _ _ _ _ _ _ _ _ _ _ _ _ _ _ _ _ _ _ _ _ _ _ _ _ _ _ _ _ _ _ _ _ _ _
src\train.py:39: in train
    with mlflow.start_run():
.venv\Lib\site-packages\mlflow\tracking\fluent.py:382: in start_run
    active_run_obj = client.create_run(
.venv\Lib\site-packages\mlflow\tracking\client.py:394: in create_run
    return self._tracking_client.create_run(experiment_id, start_time, tags, run_name)
.venv\Lib\site-packages\mlflow\tracking\_tracking_service\client.py:165: in create_run
    return self.store.create_run(
.venv\Lib\site-packages\mlflow\store\tracking\file_store.py:621: in create_run
    experiment = self.get_experiment(experiment_id)
.venv\Lib\site-packages\mlflow\store\tracking\file_store.py:434: in get_experiment
    experiment = self._get_experiment(experiment_id)
.venv\Lib\site-packages\mlflow\store\tracking\file_store.py:408: in _get_experiment
    meta = FileStore._read_yaml(experiment_dir, FileStore.META_DATA_FILE_NAME)
.venv\Lib\site-packages\mlflow\store\tracking\file_store.py:1336: in _read_yaml
    return _read_helper(root, file_name, attempts_remaining=retries)
.venv\Lib\site-packages\mlflow\store\tracking\file_store.py:1329: in _read_helper
    result = read_yaml(root, file_name)
_ _ _ _ _ _ _ _ _ _ _ _ _ _ _ _ _ _ _ _ _ _ _ _ _ _ _ _ _ _ _ _ _ _ _ _ _ _ _ _

root = 'D:\\AI_In_Action_Lab\\Day21\\Day21-Track2-CI-CD-for-AI-Systems\\mlruns\\0'
file_name = 'meta.yaml'

    def read_yaml(root, file_name):
        """Read data from yaml file and return as dictionary
    
        Args:
            root: Directory name.
            file_name: File name. Expects to have '.yaml' extension.
    
        Returns:
            Data in yaml file as dictionary.
        """
        if not exists(root):
            raise MissingConfigException(
                f"Cannot read '{file_name}'. Parent dir '{root}' does not exist."
            )
    
        file_path = os.path.join(root, file_name)
        if not exists(file_path):
>           raise MissingConfigException(f"Yaml file '{file_path}' does not exist.")
E           mlflow.exceptions.MissingConfigException: Yaml file 'D:\AI_In_Action_Lab\Day21\Day21-Track2-CI-CD-for-AI-Systems\mlruns\0\meta.yaml' does not exist.

.venv\Lib\site-packages\mlflow\utils\file_utils.py:309: MissingConfigException
__________________________ test_metrics_file_created __________________________

tmp_path = WindowsPath('C:/Users/ROG STRIX/AppData/Local/Temp/pytest-of-ROG STRIX/pytest-1/test_metrics_file_created0')

    def test_metrics_file_created(tmp_path):
        """Kiem tra file outputs/metrics.json duoc tao sau khi huan luyen."""
        train_path, eval_path = _make_temp_data(tmp_path)
>       train(
            {"n_estimators": 10, "max_depth": 3, "min_samples_split": 2},
            data_path=train_path,
            eval_path=eval_path,
        )

tests\test_train.py:56: 
_ _ _ _ _ _ _ _ _ _ _ _ _ _ _ _ _ _ _ _ _ _ _ _ _ _ _ _ _ _ _ _ _ _ _ _ _ _ _ _
src\train.py:39: in train
    with mlflow.start_run():
.venv\Lib\site-packages\mlflow\tracking\fluent.py:382: in start_run
    active_run_obj = client.create_run(
.venv\Lib\site-packages\mlflow\tracking\client.py:394: in create_run
    return self._tracking_client.create_run(experiment_id, start_time, tags, run_name)
.venv\Lib\site-packages\mlflow\tracking\_tracking_service\client.py:165: in create_run
    return self.store.create_run(
.venv\Lib\site-packages\mlflow\store\tracking\file_store.py:621: in create_run
    experiment = self.get_experiment(experiment_id)
.venv\Lib\site-packages\mlflow\store\tracking\file_store.py:434: in get_experiment
    experiment = self._get_experiment(experiment_id)
.venv\Lib\site-packages\mlflow\store\tracking\file_store.py:408: in _get_experiment
    meta = FileStore._read_yaml(experiment_dir, FileStore.META_DATA_FILE_NAME)
.venv\Lib\site-packages\mlflow\store\tracking\file_store.py:1336: in _read_yaml
    return _read_helper(root, file_name, attempts_remaining=retries)
.venv\Lib\site-packages\mlflow\store\tracking\file_store.py:1329: in _read_helper
    result = read_yaml(root, file_name)
_ _ _ _ _ _ _ _ _ _ _ _ _ _ _ _ _ _ _ _ _ _ _ _ _ _ _ _ _ _ _ _ _ _ _ _ _ _ _ _

root = 'D:\\AI_In_Action_Lab\\Day21\\Day21-Track2-CI-CD-for-AI-Systems\\mlruns\\0'
file_name = 'meta.yaml'

    def read_yaml(root, file_name):
        """Read data from yaml file and return as dictionary
    
        Args:
            root: Directory name.
            file_name: File name. Expects to have '.yaml' extension.
    
        Returns:
            Data in yaml file as dictionary.
        """
        if not exists(root):
            raise MissingConfigException(
                f"Cannot read '{file_name}'. Parent dir '{root}' does not exist."
            )
    
        file_path = os.path.join(root, file_name)
        if not exists(file_path):
>           raise MissingConfigException(f"Yaml file '{file_path}' does not exist.")
E           mlflow.exceptions.MissingConfigException: Yaml file 'D:\AI_In_Action_Lab\Day21\Day21-Track2-CI-CD-for-AI-Systems\mlruns\0\meta.yaml' does not exist.

.venv\Lib\site-packages\mlflow\utils\file_utils.py:309: MissingConfigException
___________________________ test_model_file_created ___________________________

tmp_path = WindowsPath('C:/Users/ROG STRIX/AppData/Local/Temp/pytest-of-ROG STRIX/pytest-1/test_model_file_created0')

    def test_model_file_created(tmp_path):
        """Kiem tra file models/model.pkl duoc tao sau khi huan luyen."""
        train_path, eval_path = _make_temp_data(tmp_path)
>       train(
            {"n_estimators": 10, "max_depth": 3, "min_samples_split": 2},
            data_path=train_path,
            eval_path=eval_path,
        )

tests\test_train.py:72: 
_ _ _ _ _ _ _ _ _ _ _ _ _ _ _ _ _ _ _ _ _ _ _ _ _ _ _ _ _ _ _ _ _ _ _ _ _ _ _ _
src\train.py:39: in train
    with mlflow.start_run():
.venv\Lib\site-packages\mlflow\tracking\fluent.py:382: in start_run
    active_run_obj = client.create_run(
.venv\Lib\site-packages\mlflow\tracking\client.py:394: in create_run
    return self._tracking_client.create_run(experiment_id, start_time, tags, run_name)
.venv\Lib\site-packages\mlflow\tracking\_tracking_service\client.py:165: in create_run
    return self.store.create_run(
.venv\Lib\site-packages\mlflow\store\tracking\file_store.py:621: in create_run
    experiment = self.get_experiment(experiment_id)
.venv\Lib\site-packages\mlflow\store\tracking\file_store.py:434: in get_experiment
    experiment = self._get_experiment(experiment_id)
.venv\Lib\site-packages\mlflow\store\tracking\file_store.py:408: in _get_experiment
    meta = FileStore._read_yaml(experiment_dir, FileStore.META_DATA_FILE_NAME)
.venv\Lib\site-packages\mlflow\store\tracking\file_store.py:1336: in _read_yaml
    return _read_helper(root, file_name, attempts_remaining=retries)
.venv\Lib\site-packages\mlflow\store\tracking\file_store.py:1329: in _read_helper
    result = read_yaml(root, file_name)
_ _ _ _ _ _ _ _ _ _ _ _ _ _ _ _ _ _ _ _ _ _ _ _ _ _ _ _ _ _ _ _ _ _ _ _ _ _ _ _

root = 'D:\\AI_In_Action_Lab\\Day21\\Day21-Track2-CI-CD-for-AI-Systems\\mlruns\\0'
file_name = 'meta.yaml'

    def read_yaml(root, file_name):
        """Read data from yaml file and return as dictionary
    
        Args:
            root: Directory name.
            file_name: File name. Expects to have '.yaml' extension.
    
        Returns:
            Data in yaml file as dictionary.
        """
        if not exists(root):
            raise MissingConfigException(
                f"Cannot read '{file_name}'. Parent dir '{root}' does not exist."
            )
    
        file_path = os.path.join(root, file_name)
        if not exists(file_path):
>           raise MissingConfigException(f"Yaml file '{file_path}' does not exist.")
E           mlflow.exceptions.MissingConfigException: Yaml file 'D:\AI_In_Action_Lab\Day21\Day21-Track2-CI-CD-for-AI-Systems\mlruns\0\meta.yaml' does not exist.

.venv\Lib\site-packages\mlflow\utils\file_utils.py:309: MissingConfigException
============================== warnings summary ===============================
<frozen importlib._bootstrap>:488
  <frozen importlib._bootstrap>:488: DeprecationWarning: Type google._upb._message.MessageMapContainer uses PyType_Spec with a metaclass that has custom tp_new. This is deprecated and will no longer be allowed in Python 3.14.

<frozen importlib._bootstrap>:488
  <frozen importlib._bootstrap>:488: DeprecationWarning: Type google._upb._message.ScalarMapContainer uses PyType_Spec with a metaclass that has custom tp_new. This is deprecated and will no longer be allowed in Python 3.14.

.venv\Lib\site-packages\mlflow\utils\requirements_utils.py:20
  D:\AI_In_Action_Lab\Day21\Day21-Track2-CI-CD-for-AI-Systems\.venv\Lib\site-packages\mlflow\utils\requirements_utils.py:20: DeprecationWarning: pkg_resources is deprecated as an API. See https://setuptools.pypa.io/en/latest/pkg_resources.html
    import pkg_resources  # noqa: TID251

.venv\Lib\site-packages\mlflow\gateway\config.py:61
  D:\AI_In_Action_Lab\Day21\Day21-Track2-CI-CD-for-AI-Systems\.venv\Lib\site-packages\mlflow\gateway\config.py:61: PydanticDeprecatedSince20: Pydantic V1 style `@validator` validators are deprecated. You should migrate to Pydantic V2 style `@field_validator` validators, see the migration guide for more details. Deprecated in Pydantic V2.0 to be removed in V3.0. See Pydantic V2 Migration Guide at https://errors.pydantic.dev/2.13/migration/
    @validator("togetherai_api_key", pre=True)

.venv\Lib\site-packages\mlflow\gateway\config.py:75
  D:\AI_In_Action_Lab\Day21\Day21-Track2-CI-CD-for-AI-Systems\.venv\Lib\site-packages\mlflow\gateway\config.py:75: PydanticDeprecatedSince20: Pydantic V1 style `@validator` validators are deprecated. You should migrate to Pydantic V2 style `@field_validator` validators, see the migration guide for more details. Deprecated in Pydantic V2.0 to be removed in V3.0. See Pydantic V2 Migration Guide at https://errors.pydantic.dev/2.13/migration/
    @validator("cohere_api_key", pre=True)

.venv\Lib\site-packages\mlflow\gateway\config.py:83
  D:\AI_In_Action_Lab\Day21\Day21-Track2-CI-CD-for-AI-Systems\.venv\Lib\site-packages\mlflow\gateway\config.py:83: PydanticDeprecatedSince20: Pydantic V1 style `@validator` validators are deprecated. You should migrate to Pydantic V2 style `@field_validator` validators, see the migration guide for more details. Deprecated in Pydantic V2.0 to be removed in V3.0. See Pydantic V2 Migration Guide at https://errors.pydantic.dev/2.13/migration/
    @validator("ai21labs_api_key", pre=True)

.venv\Lib\site-packages\mlflow\gateway\config.py:92
  D:\AI_In_Action_Lab\Day21\Day21-Track2-CI-CD-for-AI-Systems\.venv\Lib\site-packages\mlflow\gateway\config.py:92: PydanticDeprecatedSince20: Pydantic V1 style `@validator` validators are deprecated. You should migrate to Pydantic V2 style `@field_validator` validators, see the migration guide for more details. Deprecated in Pydantic V2.0 to be removed in V3.0. See Pydantic V2 Migration Guide at https://errors.pydantic.dev/2.13/migration/
    @validator("mosaicml_api_key", pre=True)

.venv\Lib\site-packages\mlflow\gateway\config.py:122
  D:\AI_In_Action_Lab\Day21\Day21-Track2-CI-CD-for-AI-Systems\.venv\Lib\site-packages\mlflow\gateway\config.py:122: PydanticDeprecatedSince20: Pydantic V1 style `@validator` validators are deprecated. You should migrate to Pydantic V2 style `@field_validator` validators, see the migration guide for more details. Deprecated in Pydantic V2.0 to be removed in V3.0. See Pydantic V2 Migration Guide at https://errors.pydantic.dev/2.13/migration/
    @validator("openai_api_key", pre=True)

.venv\Lib\site-packages\mlflow\gateway\config.py:179
  D:\AI_In_Action_Lab\Day21\Day21-Track2-CI-CD-for-AI-Systems\.venv\Lib\site-packages\mlflow\gateway\config.py:179: PydanticDeprecatedSince20: Pydantic V1 style `@validator` validators are deprecated. You should migrate to Pydantic V2 style `@field_validator` validators, see the migration guide for more details. Deprecated in Pydantic V2.0 to be removed in V3.0. See Pydantic V2 Migration Guide at https://errors.pydantic.dev/2.13/migration/
    @validator("anthropic_api_key", pre=True)

.venv\Lib\site-packages\mlflow\gateway\config.py:187
  D:\AI_In_Action_Lab\Day21\Day21-Track2-CI-CD-for-AI-Systems\.venv\Lib\site-packages\mlflow\gateway\config.py:187: PydanticDeprecatedSince20: Pydantic V1 style `@validator` validators are deprecated. You should migrate to Pydantic V2 style `@field_validator` validators, see the migration guide for more details. Deprecated in Pydantic V2.0 to be removed in V3.0. See Pydantic V2 Migration Guide at https://errors.pydantic.dev/2.13/migration/
    @validator("palm_api_key", pre=True)

.venv\Lib\site-packages\mlflow\gateway\config.py:227
  D:\AI_In_Action_Lab\Day21\Day21-Track2-CI-CD-for-AI-Systems\.venv\Lib\site-packages\mlflow\gateway\config.py:227: PydanticDeprecatedSince20: Pydantic V1 style `@validator` validators are deprecated. You should migrate to Pydantic V2 style `@field_validator` validators, see the migration guide for more details. Deprecated in Pydantic V2.0 to be removed in V3.0. See Pydantic V2 Migration Guide at https://errors.pydantic.dev/2.13/migration/
    @validator("mistral_api_key", pre=True)

.venv\Lib\site-packages\mlflow\gateway\config.py:308
  D:\AI_In_Action_Lab\Day21\Day21-Track2-CI-CD-for-AI-Systems\.venv\Lib\site-packages\mlflow\gateway\config.py:308: PydanticDeprecatedSince20: Pydantic V1 style `@validator` validators are deprecated. You should migrate to Pydantic V2 style `@field_validator` validators, see the migration guide for more details. Deprecated in Pydantic V2.0 to be removed in V3.0. See Pydantic V2 Migration Guide at https://errors.pydantic.dev/2.13/migration/
    @validator("provider", pre=True)

.venv\Lib\site-packages\mlflow\gateway\config.py:329
  D:\AI_In_Action_Lab\Day21\Day21-Track2-CI-CD-for-AI-Systems\.venv\Lib\site-packages\mlflow\gateway\config.py:329: PydanticDeprecatedSince20: Pydantic V1 style `@validator` validators are deprecated. You should migrate to Pydantic V2 style `@field_validator` validators, see the migration guide for more details. Deprecated in Pydantic V2.0 to be removed in V3.0. See Pydantic V2 Migration Guide at https://errors.pydantic.dev/2.13/migration/
    @validator("config", pre=True)

.venv\Lib\site-packages\mlflow\gateway\config.py:369
  D:\AI_In_Action_Lab\Day21\Day21-Track2-CI-CD-for-AI-Systems\.venv\Lib\site-packages\mlflow\gateway\config.py:369: PydanticDeprecatedSince20: Pydantic V1 style `@validator` validators are deprecated. You should migrate to Pydantic V2 style `@field_validator` validators, see the migration guide for more details. Deprecated in Pydantic V2.0 to be removed in V3.0. See Pydantic V2 Migration Guide at https://errors.pydantic.dev/2.13/migration/
    @validator("name")

.venv\Lib\site-packages\mlflow\gateway\config.py:379
  D:\AI_In_Action_Lab\Day21\Day21-Track2-CI-CD-for-AI-Systems\.venv\Lib\site-packages\mlflow\gateway\config.py:379: PydanticDeprecatedSince20: Pydantic V1 style `@validator` validators are deprecated. You should migrate to Pydantic V2 style `@field_validator` validators, see the migration guide for more details. Deprecated in Pydantic V2.0 to be removed in V3.0. See Pydantic V2 Migration Guide at https://errors.pydantic.dev/2.13/migration/
    @validator("model", pre=True)

.venv\Lib\site-packages\mlflow\gateway\config.py:390
  D:\AI_In_Action_Lab\Day21\Day21-Track2-CI-CD-for-AI-Systems\.venv\Lib\site-packages\mlflow\gateway\config.py:390: PydanticDeprecatedSince20: Pydantic V1 style `@root_validator` validators are deprecated. You should migrate to Pydantic V2 style `@model_validator` validators, see the migration guide for more details. Deprecated in Pydantic V2.0 to be removed in V3.0. See Pydantic V2 Migration Guide at https://errors.pydantic.dev/2.13/migration/
    @root_validator(skip_on_failure=True)

.venv\Lib\site-packages\mlflow\gateway\config.py:412
  D:\AI_In_Action_Lab\Day21\Day21-Track2-CI-CD-for-AI-Systems\.venv\Lib\site-packages\mlflow\gateway\config.py:412: PydanticDeprecatedSince20: Pydantic V1 style `@validator` validators are deprecated. You should migrate to Pydantic V2 style `@field_validator` validators, see the migration guide for more details. Deprecated in Pydantic V2.0 to be removed in V3.0. See Pydantic V2 Migration Guide at https://errors.pydantic.dev/2.13/migration/
    @validator("route_type", pre=True)

.venv\Lib\site-packages\mlflow\gateway\config.py:418
  D:\AI_In_Action_Lab\Day21\Day21-Track2-CI-CD-for-AI-Systems\.venv\Lib\site-packages\mlflow\gateway\config.py:418: PydanticDeprecatedSince20: Pydantic V1 style `@validator` validators are deprecated. You should migrate to Pydantic V2 style `@field_validator` validators, see the migration guide for more details. Deprecated in Pydantic V2.0 to be removed in V3.0. See Pydantic V2 Migration Guide at https://errors.pydantic.dev/2.13/migration/
    @validator("limit", pre=True)

.venv\Lib\site-packages\mlflow\gateway\config.py:468
  D:\AI_In_Action_Lab\Day21\Day21-Track2-CI-CD-for-AI-Systems\.venv\Lib\site-packages\mlflow\gateway\config.py:468: PydanticDeprecatedSince20: Support for class-based `config` is deprecated, use ConfigDict instead. Deprecated in Pydantic V2.0 to be removed in V3.0. See Pydantic V2 Migration Guide at https://errors.pydantic.dev/2.13/migration/
    class Route(ConfigModel):

-- Docs: https://docs.pytest.org/en/stable/how-to/capture-warnings.html
=========================== short test summary info ===========================
FAILED tests/test_train.py::test_train_returns_float - mlflow.exceptions.Miss...
FAILED tests/test_train.py::test_metrics_file_created - mlflow.exceptions.Mis...
FAILED tests/test_train.py::test_model_file_created - mlflow.exceptions.Missi...
======================= 3 failed, 19 warnings in 3.18s ========================
